Microchip MPLAB XC8 Compiler V2.31

Linker command line:

-W-3 --edf=D:\Programas_varios\Microchip\xc8\v2.31\pic\dat\en_msgs.txt -cn \
  -h+dist/default/production\Generico_simple.X.production.sym \
  --cmf=dist/default/production\Generico_simple.X.production.cmf -z \
  -Q18F25K20 -oC:\Users\rommel\AppData\Local\Temp\s2u4.2 \
  --defsym=__MPLAB_BUILD=1 \
  -Mdist/default/production/Generico_simple.X.production.map -E1 \
  -ver=XC8 Compiler --acfsm=1493 -ASTACK=060h-05FFh -pstack=STACK \
  -ACODE=00h-07FFFh -ACONST=00h-07FFFh -ASMALLCONST=0600h-06FFhx122 \
  -AMEDIUMCONST=0600h-07FFFh -ACOMRAM=01h-05Fh -AABS1=00h-05FFh \
  -ABIGRAM=01h-05FFh -ARAM=060h-0FFh,0100h-01FFhx5 -ABANK0=060h-0FFh \
  -ABANK1=0100h-01FFh -ABANK2=0200h-02FFh -ABANK3=0300h-03FFh \
  -ABANK4=0400h-04FFh -ABANK5=0500h-05FFh -ASFR=0F60h-0FFFh \
  -ACONFIG=0300000h-030000Dh -AIDLOC=0200000h-0200007h \
  -AEEDATA=0F00000h-0F000FFh -peeprom_data=EEDATA \
  -preset_vec=00h,intcode,intcodelo,powerup,init -pramtop=0600h \
  -psmallconst=SMALLCONST -pmediumconst=MEDIUMCONST -pconst=CONST \
  -AFARRAM=00h-00h \
  -prdata=COMRAM,nvrram=COMRAM,nvbit=COMRAM,rbss=COMRAM,rbit=COMRAM \
  -pfarbss=FARRAM,fardata=FARRAM,nvFARRAM=FARRAM \
  -pintsave_regs=BIGRAM,bigbss=BIGRAM,bigdata=BIGRAM -pbss=RAM \
  -pidata=CODE,irdata=CODE,ibigdata=CODE,ifardata=CODE -prparam=COMRAM \
  C:\Users\rommel\AppData\Local\Temp\s2u4.o \
  dist/default/production\Generico_simple.X.production.o 

Object code version is 3.11

Machine type is 18F25K20



                Name                               Link     Load   Length Selector   Space Scale
C:\Users\rommel\AppData\Local\Temp\s2u4.o
                idloc                            200000   200000        8        0       5
                config                           300000   300000        E        0       4
                init                                  0        0        4        0       0
dist/default/production\Generico_simple.X.production.o
                idloc                            200000   200000        8        0       5
                config                           300000   300000        E        0       4
                smallconst                          600      600       40      300       0
                codecov_info                          0        0      688        0       6
                codecov_info_hdr                      0        0       10        0       6
                text13                              A6E      A6E       14      320       0
                text12                              A94      A94        E      320       0
                text11                              93E      93E       4C      320       0
                text10                              98A      98A       48      320       0
                text9                               A82      A82       12      320       0
                text8                               8E8      8E8       56      320       0
                text7                               640      640      128      320       0
                text6                               A54      A54       1A      320       0
                text5                               AAE      AAE        C      320       0
                text4                               A12      A12       26      320       0
                text3                               AA2      AA2        C      320       0
                text2                               9D2      9D2       40      320       0
                text1                               872      872       76      320       0
                text0                               768      768      10A      320       0
                cstackCOMRAM                         15       15        6        1       1
                bssCOMRAM                             4        4       11        1       1
                bitbssCOMRAM                          8        1       12        1       1     8
                cinit                               A38      A38       1C      320       0

TOTAL           Name                               Link     Load   Length     Space
        CLASS   STACK          

        CLASS   CODE           
                init                                  0        0        4         0
                text13                              A6E      A6E       14         0
                text12                              A94      A94        E         0
                text11                              93E      93E       4C         0
                text10                              98A      98A       48         0
                text9                               A82      A82       12         0
                text8                               8E8      8E8       56         0
                text7                               640      640      128         0
                text6                               A54      A54       1A         0
                text5                               AAE      AAE        C         0
                text4                               A12      A12       26         0
                text3                               AA2      AA2        C         0
                text2                               9D2      9D2       40         0
                text1                               872      872       76         0
                text0                               768      768      10A         0
                cinit                               A38      A38       1C         0

        CLASS   CONST          

        CLASS   SMALLCONST     
                smallconst                          600      600       40         0

        CLASS   MEDIUMCONST    

        CLASS   COMRAM         
                cstackCOMRAM                         15       15        6         1
                bssCOMRAM                             4        4       11         1
                bitbssCOMRAM                          8        1       12         1

        CLASS   ABS1           

        CLASS   BIGRAM         

        CLASS   RAM            

        CLASS   BANK0          

        CLASS   BANK1          

        CLASS   BANK2          

        CLASS   BANK3          

        CLASS   BANK4          

        CLASS   BANK5          

        CLASS   SFR            

        CLASS   CONFIG         
                config                           300000   300000        E         4

        CLASS   IDLOC          
                idloc                            200000   200000        8         5

        CLASS   EEDATA         

        CLASS   FARRAM         

        CLASS   UNCLASSED
                codecov_info                          0        0      688         6
                codecov_info_hdr                      0        0       10         6


SEGMENTS        Name                           Load    Length   Top    Selector   Space  Class

                reset_vec                      000000  000004  000004         0       0  CODE    
                bitbssCOMRAM                   000001  00001A  00001B         1       1  COMRAM  
                smallconst                     000600  000040  000640       300       0  SMALLCON
                text7                          000640  00047A  000ABA       320       0  CODE    


UNUSED ADDRESS RANGES

        Name                Unused          Largest block    Delta
        BANK0            000060-0000FF               A0
        BANK1            000100-0001FF              100
        BANK2            000200-0002FF              100
        BANK3            000300-0003FF              100
        BANK4            000400-0004FF              100
        BANK5            000500-0005FF              100
        BIGRAM           00001B-0005FF              5E5
        CODE             000004-0005FF              5FC
                         000ABA-007FFF             7546
        COMRAM           00001B-00005F               45
        CONST            000004-0005FF              5FC
                         000ABA-007FFF             7546
        EEDATA           F00000-F000FF              100
        MEDIUMCONST      000ABA-007FFF             7546
        RAM              000060-0005FF              100
        SFR              000F60-000FFF               A0
        SMALLCONST       000ABA-007FFF              100
        STACK            000060-0005FF              5A0

                                  Symbol Table

OpenXLCD@lcdtype                 cstackCOMRAM     000018
SetDDRamAddr@DDaddr              cstackCOMRAM     000016
WriteCmdXLCD@cmd                 cstackCOMRAM     000016
WriteDataXLCD@data               cstackCOMRAM     000015
_ANSEL                           (abs)            000F7E
_ANSELH                          (abs)            000F7F
_BusyXLCD                        text11           00093E
_DelayFor18TCY                   text12           000A94
_DelayPORXLCD                    text9            000A82
_DelayXLCD                       text13           000A6E
_INTCON2bits                     (abs)            000FF1
_LATA                            (abs)            000F89
_LATAbits                        (abs)            000F89
_LATB                            (abs)            000F8A
_LATBbits                        (abs)            000F8A
_LATC                            (abs)            000F8B
_LATCbits                        (abs)            000F8B
_LCD_inicio                      text6            000A54
_OSCCON                          (abs)            000FD3
_OSCILLATOR_Initialize           text5            000AAE
_OSCTUNE                         (abs)            000F9B
_OpenXLCD                        text7            000640
_PIN_MANAGER_Initialize          text4            000A12
_PORTB                           (abs)            000F81
_SYSTEM_Initialize               text3            000AA2
_SetDDRamAddr                    text10           00098A
_TRISA                           (abs)            000F92
_TRISB                           (abs)            000F93
_TRISBbits                       (abs)            000F93
_TRISC                           (abs)            000F94
_TRISCbits                       (abs)            000F94
_WPUB                            (abs)            000F7C
_WriteCmdXLCD                    text8            0008E8
_WriteDataXLCD                   text2            0009D2
__HRAM                           (abs)            000000
__Habs1                          abs1             000000
__Hbank0                         bank0            000000
__Hbank1                         bank1            000000
__Hbank2                         bank2            000000
__Hbank3                         bank3            000000
__Hbank4                         bank4            000000
__Hbank5                         bank5            000000
__Hbigbss                        bigbss           000000
__Hbigdata                       bigdata          000000
__Hbigram                        bigram           000000
__HbitbssCOMRAM                  bitbssCOMRAM     000000
__Hbss                           bss              000000
__HbssCOMRAM                     bssCOMRAM        000000
__Hcinit                         cinit            000000
__Hclrtext                       clrtext          000000
__Hcodecov_info                  codecov_info     000688
__Hcodecov_info_hdr              codecov_info_hdr 000010
__Hcomram                        comram           000000
__Hconfig                        config           30000E
__Hconst                         const            000000
__HcstackCOMRAM                  cstackCOMRAM     000000
__Hdata                          data             000000
__Heeprom_data                   eeprom_data      000000
__Hfarbss                        farbss           000000
__Hfardata                       fardata          000000
__Hibigdata                      ibigdata         000000
__Hidata                         idata            000000
__Hidloc                         idloc            200008
__Hifardata                      ifardata         000000
__Hinit                          init             000004
__Hintcode                       intcode          000000
__Hintcode_body                  intcode_body     000000
__Hintcodelo                     intcodelo        000000
__Hintentry                      intentry         000000
__Hintret                        intret           000000
__Hintsave_regs                  intsave_regs     000000
__Hirdata                        irdata           000000
__Hmediumconst                   mediumconst      000000
__HnvFARRAM                      nvFARRAM         000000
__Hnvbit                         nvbit            000000
__Hnvrram                        nvrram           000000
__Hparam                         rparam           000000
__Hpowerup                       powerup          000000
__Hram                           ram              000000
__Hramtop                        ramtop           000600
__Hrbit                          rbit             000000
__Hrbss                          rbss             000000
__Hrdata                         rdata            000000
__Hreset_vec                     reset_vec        000000
__Hrparam                        rparam           000000
__Hsfr                           sfr              000000
__Hsmallconst                    smallconst       000640
__Hspace_0                       (abs)            000ABA
__Hspace_1                       (abs)            00001B
__Hspace_2                       (abs)            000000
__Hspace_4                       (abs)            60000E
__Hstack                         stack            000000
__Hstruct                        struct           000000
__Htemp                          temp             000000
__Htext                          text             000000
__Htext0                         text0            000000
__Htext1                         text1            000000
__Htext10                        text10           000000
__Htext11                        text11           000000
__Htext12                        text12           000000
__Htext13                        text13           000000
__Htext2                         text2            000000
__Htext3                         text3            000000
__Htext4                         text4            000000
__Htext5                         text5            000000
__Htext6                         text6            000000
__Htext7                         text7            000000
__Htext8                         text8            000000
__Htext9                         text9            000000
__LRAM                           (abs)            000001
__Labs1                          abs1             000000
__Lbank0                         bank0            000000
__Lbank1                         bank1            000000
__Lbank2                         bank2            000000
__Lbank3                         bank3            000000
__Lbank4                         bank4            000000
__Lbank5                         bank5            000000
__Lbigbss                        bigbss           000000
__Lbigdata                       bigdata          000000
__Lbigram                        bigram           000000
__LbitbssCOMRAM                  bitbssCOMRAM     000000
__Lbss                           bss              000000
__LbssCOMRAM                     bssCOMRAM        000000
__Lcinit                         cinit            000000
__Lclrtext                       clrtext          000000
__Lcodecov_info                  codecov_info     000000
__Lcodecov_info_hdr              codecov_info_hdr 000000
__Lcomram                        comram           000000
__Lconfig                        config           000000
__Lconst                         const            000000
__LcstackCOMRAM                  cstackCOMRAM     000000
__Ldata                          data             000000
__Leeprom_data                   eeprom_data      000000
__Lfarbss                        farbss           000000
__Lfardata                       fardata          000000
__Libigdata                      ibigdata         000000
__Lidata                         idata            000000
__Lidloc                         idloc            000000
__Lifardata                      ifardata         000000
__Linit                          init             000000
__Lintcode                       intcode          000000
__Lintcode_body                  intcode_body     000000
__Lintcodelo                     intcodelo        000000
__Lintentry                      intentry         000000
__Lintret                        intret           000000
__Lintsave_regs                  intsave_regs     000000
__Lirdata                        irdata           000000
__Lmediumconst                   mediumconst      000000
__LnvFARRAM                      nvFARRAM         000000
__Lnvbit                         nvbit            000000
__Lnvrram                        nvrram           000000
__Lparam                         rparam           000000
__Lpowerup                       powerup          000000
__Lram                           ram              000000
__Lramtop                        ramtop           000600
__Lrbit                          rbit             000000
__Lrbss                          rbss             000000
__Lrdata                         rdata            000000
__Lreset_vec                     reset_vec        000000
__Lrparam                        rparam           000000
__Lsfr                           sfr              000000
__Lsmallconst                    smallconst       000600
__Lspace_0                       (abs)            000000
__Lspace_1                       (abs)            000000
__Lspace_2                       (abs)            000000
__Lspace_4                       (abs)            000000
__Lstack                         stack            000000
__Lstruct                        struct           000000
__Ltemp                          temp             000000
__Ltext                          text             000000
__Ltext0                         text0            000000
__Ltext1                         text1            000000
__Ltext10                        text10           000000
__Ltext11                        text11           000000
__Ltext12                        text12           000000
__Ltext13                        text13           000000
__Ltext2                         text2            000000
__Ltext3                         text3            000000
__Ltext4                         text4            000000
__Ltext5                         text5            000000
__Ltext6                         text6            000000
__Ltext7                         text7            000000
__Ltext8                         text8            000000
__Ltext9                         text9            000000
__S0                             (abs)            000ABA
__S1                             (abs)            00001B
__S2                             (abs)            000000
__S4                             (abs)            000000
__S5                             (abs)            000000
___inthi_sp                      stack            000000
___intlo_sp                      stack            000000
___param_bank                    (abs)            000000
___rparam_used                   (abs)            000001
___sp                            stack            000000
__accesstop                      (abs)            000060
__activetblptr                   (abs)            000002
__ccov100_end_blk2               text2            0009E8
__ccov100_start_blk2             text2            0009E6
__ccov101_end_blk3               text2            0009EC
__ccov101_start_blk3             text2            0009E8
__ccov102_end_blk4               text2            0009EE
__ccov102_start_blk4             text2            0009EC
__ccov103_end_blk5               text2            0009F2
__ccov103_start_blk5             text2            0009EE
__ccov104_end_blk6               text2            0009FE
__ccov104_start_blk6             text2            0009F2
__ccov105_end_blk7               text2            000A02
__ccov105_start_blk7             text2            0009FE
__ccov106_end_blk8               text2            000A04
__ccov106_start_blk8             text2            000A02
__ccov107_end_blk9               text2            000A08
__ccov107_start_blk9             text2            000A04
__ccov108_end_blk10              text2            000A0E
__ccov108_start_blk10            text2            000A08
__ccov109_end_blk12              text2            000A12
__ccov109_start_blk12            text2            000A0E
__ccov10_end_blk0                text11           000942
__ccov10_start_blk0              text11           00093E
__ccov110_end_blk0               text0            00076C
__ccov110_start_blk0             text0            000768
__ccov111_end_blk1               text0            000770
__ccov111_start_blk1             text0            00076C
__ccov112_end_blk5               text0            000784
__ccov112_start_blk5             text0            000770
__ccov113_end_blk7               text0            00078A
__ccov113_start_blk7             text0            000784
__ccov114_end_blk10              text0            00079E
__ccov114_start_blk10            text0            00078A
__ccov115_end_blk12              text0            0007AE
__ccov115_start_blk12            text0            00079E
__ccov116_end_blk13              text0            0007C4
__ccov116_start_blk13            text0            0007AE
__ccov117_end_blk16              text0            0007D8
__ccov117_start_blk16            text0            0007C4
__ccov118_end_blk18              text0            0007DE
__ccov118_start_blk18            text0            0007D8
__ccov119_end_blk21              text0            0007F2
__ccov119_start_blk21            text0            0007DE
__ccov11_end_blk1                text11           000946
__ccov11_start_blk1              text11           000942
__ccov120_end_blk23              text0            000802
__ccov120_start_blk23            text0            0007F2
__ccov121_end_blk24              text0            000818
__ccov121_start_blk24            text0            000802
__ccov122_end_blk27              text0            00082C
__ccov122_start_blk27            text0            000818
__ccov123_end_blk29              text0            000832
__ccov123_start_blk29            text0            00082C
__ccov124_end_blk31              text0            000852
__ccov124_start_blk31            text0            000832
__ccov125_end_blk33              text0            00086E
__ccov125_start_blk33            text0            000852
__ccov12_end_blk2                text11           00094C
__ccov12_start_blk2              text11           000946
__ccov13_end_blk3                text11           00095A
__ccov13_start_blk3              text11           00094C
__ccov14_end_blk4                text11           00095C
__ccov14_start_blk4              text11           00095A
__ccov15_end_blk5                text11           000960
__ccov15_start_blk5              text11           00095C
__ccov16_end_blk6                text11           000966
__ccov16_start_blk6              text11           000960
__ccov17_end_blk7                text11           000968
__ccov17_start_blk7              text11           000966
__ccov18_end_blk8                text11           00096A
__ccov18_start_blk8              text11           000968
__ccov19_end_blk9                text11           000972
__ccov19_start_blk9              text11           00096A
__ccov1_end_blk0                 text3            000AAA
__ccov1_start_blk0               text3            000AA2
__ccov20_end_blk12               text11           000974
__ccov20_start_blk12             text11           000972
__ccov21_end_blk13               text11           000978
__ccov21_start_blk13             text11           000974
__ccov22_end_blk14               text11           00097E
__ccov22_start_blk14             text11           000978
__ccov23_end_blk15               text11           000980
__ccov23_start_blk15             text11           00097E
__ccov24_end_blk16               text11           000982
__ccov24_start_blk16             text11           000980
__ccov25_end_blk17               text11           000986
__ccov25_start_blk17             text11           000982
__ccov26_end_blk20               text11           00098A
__ccov26_start_blk20             text11           000986
__ccov27_end_blk0                text12           000A9E
__ccov27_start_blk0              text12           000A94
__ccov28_end_blk1                text12           000AA2
__ccov28_start_blk1              text12           000A9E
__ccov29_end_blk0                text9            000A90
__ccov29_start_blk0              text9            000A82
__ccov2_end_blk1                 text3            000AAE
__ccov2_start_blk1               text3            000AAA
__ccov30_end_blk2                text9            000A94
__ccov30_start_blk2              text9            000A90
__ccov31_end_blk0                text13           000A7E
__ccov31_start_blk0              text13           000A6E
__ccov32_end_blk2                text13           000A82
__ccov32_start_blk2              text13           000A7E
__ccov33_end_blk0                text6            000A66
__ccov33_start_blk0              text6            000A54
__ccov34_end_blk1                text6            000A6A
__ccov34_start_blk1              text6            000A66
__ccov35_end_blk2                text6            000A6E
__ccov35_start_blk2              text6            000A6A
__ccov36_end_blk0                text7            00064A
__ccov36_start_blk0              text7            000640
__ccov37_end_blk1                text7            00064C
__ccov37_start_blk1              text7            00064A
__ccov38_end_blk2                text7            00064E
__ccov38_start_blk2              text7            00064C
__ccov39_end_blk3                text7            000650
__ccov39_start_blk3              text7            00064E
__ccov3_end_blk0                 text5            000AB6
__ccov3_start_blk0               text5            000AAE
__ccov40_end_blk4                text7            000652
__ccov40_start_blk4              text7            000650
__ccov41_end_blk5                text7            000654
__ccov41_start_blk5              text7            000652
__ccov42_end_blk6                text7            000656
__ccov42_start_blk6              text7            000654
__ccov43_end_blk7                text7            000664
__ccov43_start_blk7              text7            000656
__ccov44_end_blk8                text7            00066A
__ccov44_start_blk8              text7            000664
__ccov45_end_blk9                text7            00067A
__ccov45_start_blk9              text7            00066A
__ccov46_end_blk10               text7            000680
__ccov46_start_blk10             text7            00067A
__ccov47_end_blk11               text7            000688
__ccov47_start_blk11             text7            000680
__ccov48_end_blk12               text7            00068E
__ccov48_start_blk12             text7            000688
__ccov49_end_blk13               text7            000694
__ccov49_start_blk13             text7            00068E
__ccov4_end_blk1                 text5            000ABA
__ccov4_start_blk1               text5            000AB6
__ccov50_end_blk16               text7            0006A8
__ccov50_start_blk16             text7            000694
__ccov51_end_blk18               text7            0006AE
__ccov51_start_blk18             text7            0006A8
__ccov52_end_blk21               text7            0006C2
__ccov52_start_blk21             text7            0006AE
__ccov53_end_blk23               text7            0006C8
__ccov53_start_blk23             text7            0006C2
__ccov54_end_blk26               text7            0006DC
__ccov54_start_blk26             text7            0006C8
__ccov55_end_blk28               text7            0006E2
__ccov55_start_blk28             text7            0006DC
__ccov56_end_blk31               text7            0006F6
__ccov56_start_blk31             text7            0006E2
__ccov57_end_blk33               text7            0006FC
__ccov57_start_blk33             text7            0006F6
__ccov58_end_blk36               text7            000710
__ccov58_start_blk36             text7            0006FC
__ccov59_end_blk38               text7            000716
__ccov59_start_blk38             text7            000710
__ccov5_end_blk0                 text4            000A22
__ccov5_start_blk0               text4            000A12
__ccov60_end_blk41               text7            00072A
__ccov60_start_blk41             text7            000716
__ccov61_end_blk43               text7            000730
__ccov61_start_blk43             text7            00072A
__ccov62_end_blk46               text7            000744
__ccov62_start_blk46             text7            000730
__ccov63_end_blk48               text7            00074A
__ccov63_start_blk48             text7            000744
__ccov64_end_blk51               text7            00075E
__ccov64_start_blk51             text7            00074A
__ccov65_end_blk53               text7            000764
__ccov65_start_blk53             text7            00075E
__ccov66_end_blk55               text7            000768
__ccov66_start_blk55             text7            000764
__ccov67_end_blk0                text1            000876
__ccov67_start_blk0              text1            000872
__ccov68_end_blk4                text1            00088A
__ccov68_start_blk4              text1            000876
__ccov69_end_blk6                text1            0008AE
__ccov69_start_blk6              text1            00088A
__ccov6_end_blk1                 text4            000A24
__ccov6_start_blk1               text4            000A22
__ccov70_end_blk7                text1            0008B4
__ccov70_start_blk7              text1            0008AE
__ccov71_end_blk9                text1            0008E4
__ccov71_start_blk9              text1            0008B4
__ccov72_end_blk11               text1            0008E8
__ccov72_start_blk11             text1            0008E4
__ccov73_end_blk0                text10           0009A4
__ccov73_start_blk0              text10           00098A
__ccov74_end_blk1                text10           0009A6
__ccov74_start_blk1              text10           0009A4
__ccov75_end_blk2                text10           0009A8
__ccov75_start_blk2              text10           0009A6
__ccov76_end_blk3                text10           0009AC
__ccov76_start_blk3              text10           0009A8
__ccov77_end_blk4                text10           0009AE
__ccov77_start_blk4              text10           0009AC
__ccov78_end_blk5                text10           0009B2
__ccov78_start_blk5              text10           0009AE
__ccov79_end_blk6                text10           0009BE
__ccov79_start_blk6              text10           0009B2
__ccov7_end_blk2                 text4            000A32
__ccov7_start_blk2               text4            000A24
__ccov80_end_blk7                text10           0009C2
__ccov80_start_blk7              text10           0009BE
__ccov81_end_blk8                text10           0009C4
__ccov81_start_blk8              text10           0009C2
__ccov82_end_blk9                text10           0009C8
__ccov82_start_blk9              text10           0009C4
__ccov83_end_blk10               text10           0009CE
__ccov83_start_blk10             text10           0009C8
__ccov84_end_blk12               text10           0009D2
__ccov84_start_blk12             text10           0009CE
__ccov85_end_blk0                text8            0008FA
__ccov85_start_blk0              text8            0008E8
__ccov86_end_blk1                text8            0008FC
__ccov86_start_blk1              text8            0008FA
__ccov87_end_blk2                text8            0008FE
__ccov87_start_blk2              text8            0008FC
__ccov88_end_blk3                text8            000902
__ccov88_start_blk3              text8            0008FE
__ccov89_end_blk4                text8            000904
__ccov89_start_blk4              text8            000902
__ccov8_end_blk3                 text4            000A34
__ccov8_start_blk3               text4            000A32
__ccov90_end_blk5                text8            000908
__ccov90_start_blk5              text8            000904
__ccov91_end_blk6                text8            000914
__ccov91_start_blk6              text8            000908
__ccov92_end_blk7                text8            000918
__ccov92_start_blk7              text8            000914
__ccov93_end_blk8                text8            00091A
__ccov93_start_blk8              text8            000918
__ccov94_end_blk9                text8            00091E
__ccov94_start_blk9              text8            00091A
__ccov95_end_blk10               text8            000934
__ccov95_start_blk10             text8            00091E
__ccov96_end_blk11               text8            00093A
__ccov96_start_blk11             text8            000934
__ccov97_end_blk14               text8            00093E
__ccov97_start_blk14             text8            00093A
__ccov98_end_blk0                text2            0009E4
__ccov98_start_blk0              text2            0009D2
__ccov99_end_blk1                text2            0009E6
__ccov99_start_blk1              text2            0009E4
__ccov9_end_blk4                 text4            000A38
__ccov9_start_blk4               text4            000A34
__ccovbit11_13                   bitbssCOMRAM     00000D
__ccovbit11_15                   bitbssCOMRAM     00000B
__ccovbit12_14                   bitbssCOMRAM     00000C
__ccovbit12_17                   bitbssCOMRAM     000009
__ccovbit14_16                   bitbssCOMRAM     00000A
__ccovbit17_5                    bitbssCOMRAM     000015
__ccovbit1_1                     bitbssCOMRAM     000019
__ccovbit1_2                     bitbssCOMRAM     000018
__ccovbit1_7                     bitbssCOMRAM     000013
__ccovbit20_6                    bitbssCOMRAM     000014
__ccovbit2_10                    bitbssCOMRAM     000010
__ccovbit2_8                     bitbssCOMRAM     000012
__ccovbit2_9                     bitbssCOMRAM     000011
__ccovbit33_18                   bitbssCOMRAM     000008
__ccovbit4_3                     bitbssCOMRAM     000017
__ccovbit55_11                   bitbssCOMRAM     00000F
__ccovbit7_12                    bitbssCOMRAM     00000E
__ccovbit9_4                     bitbssCOMRAM     000016
__end_of_BusyXLCD                text11           00098A
__end_of_DelayFor18TCY           text12           000AA2
__end_of_DelayPORXLCD            text9            000A94
__end_of_DelayXLCD               text13           000A82
__end_of_LCD_inicio              text6            000A6E
__end_of_OSCILLATOR_Initialize   text5            000ABA
__end_of_OpenXLCD                text7            000768
__end_of_PIN_MANAGER_Initialize  text4            000A38
__end_of_SYSTEM_Initialize       text3            000AAE
__end_of_SetDDRamAddr            text10           0009D2
__end_of_WriteCmdXLCD            text8            00093E
__end_of_WriteDataXLCD           text2            000A12
__end_of__initialization         cinit            000A4A
__end_of_main                    text0            000872
__end_of_putrsXLCD               text1            0008E8
__initialization                 cinit            000A38
__mediumconst                    mediumconst      000000
__pbitbssCOMRAM                  bitbssCOMRAM     000008
__pbssCOMRAM                     bssCOMRAM        000004
__pcinit                         cinit            000A38
__pcodecov_info                  codecov_info     000000
__pcodecov_info_hdr              codecov_info_hdr 000000
__pcstackCOMRAM                  cstackCOMRAM     000015
__psmallconst                    smallconst       000600
__ptext0                         text0            000768
__ptext1                         text1            000872
__ptext10                        text10           00098A
__ptext11                        text11           00093E
__ptext12                        text12           000A94
__ptext13                        text13           000A6E
__ptext2                         text2            0009D2
__ptext3                         text3            000AA2
__ptext4                         text4            000A12
__ptext5                         text5            000AAE
__ptext6                         text6            000A54
__ptext7                         text7            000640
__ptext8                         text8            0008E8
__ptext9                         text9            000A82
__ramtop                         ramtop           000600
__size_of_BusyXLCD               (abs)            000000
__size_of_DelayFor18TCY          (abs)            000000
__size_of_DelayPORXLCD           (abs)            000000
__size_of_DelayXLCD              (abs)            000000
__size_of_LCD_inicio             (abs)            000000
__size_of_OSCILLATOR_Initialize  (abs)            000000
__size_of_OpenXLCD               (abs)            000000
__size_of_PIN_MANAGER_Initialize (abs)            000000
__size_of_SYSTEM_Initialize      (abs)            000000
__size_of_SetDDRamAddr           (abs)            000000
__size_of_WriteCmdXLCD           (abs)            000000
__size_of_WriteDataXLCD          (abs)            000000
__size_of_main                   (abs)            000000
__size_of_putrsXLCD              (abs)            000000
__smallconst                     smallconst       000600
_main                            text0            000768
_putrsXLCD                       text1            000872
end_of_initialization            cinit            000A4A
ftoat_mio@buf                    bssCOMRAM        000004
intlevel0                        text             000000
intlevel1                        text             000000
intlevel2                        text             000000
intlevel3                        text             000000
putrsXLCD@buffer                 cstackCOMRAM     000016
stackhi                          (abs)            0005FF
stacklo                          (abs)            000060
start                            init             000000
start_initialization             cinit            000A38


FUNCTION INFORMATION:

 *************** function _main *****************
 Defined at:
		line 51 in file "main.c"
 Parameters:    Size  Location     Type
		None
 Auto vars:     Size  Location     Type
		None
 Return value:  Size  Location     Type
                  1    wreg      void 
 Registers used:
		wreg, fsr0l, fsr0h, status,2, status,0, tblptrl, tblptrh, tblptru, cstack
 Tracked objects:
		On entry : 
		On exit  : 
		Unchanged: 
 Data sizes:     COMRAM   BANK0   BANK1   BANK2   BANK3   BANK4   BANK5
      Params:         0       0       0       0       0       0       0
      Locals:         0       0       0       0       0       0       0
      Temps:          2       0       0       0       0       0       0
      Totals:         2       0       0       0       0       0       0
Total ram usage:        2 bytes
 Hardware stack levels required when called:    4
 This function calls:
		_BusyXLCD
		_LCD_inicio
		_SYSTEM_Initialize
		_SetDDRamAddr
		_WriteCmdXLCD
		_putrsXLCD
 This function is called by:
		Startup code after reset
 This function uses a non-reentrant model


 *************** function _putrsXLCD *****************
 Defined at:
		line 16 in file "Lib_mias_all/microchip_LCD/putrxlcd.c"
 Parameters:    Size  Location     Type
  buffer          2    1[COMRAM] PTR unsigned char 
		 -> STR_6(1), ftoat_mio@buf(17), STR_4(14), STR_3(16), 
		 -> STR_2(8), STR_1(12), 
 Auto vars:     Size  Location     Type
		None
 Return value:  Size  Location     Type
                  1    wreg      void 
 Registers used:
		wreg, fsr0l, fsr0h, status,2, status,0, tblptrl, tblptrh, tblptru, cstack
 Tracked objects:
		On entry : 
		On exit  : 
		Unchanged: 
 Data sizes:     COMRAM   BANK0   BANK1   BANK2   BANK3   BANK4   BANK5
      Params:         2       0       0       0       0       0       0
      Locals:         0       0       0       0       0       0       0
      Temps:          0       0       0       0       0       0       0
      Totals:         2       0       0       0       0       0       0
Total ram usage:        2 bytes
 Hardware stack levels used:    1
 Hardware stack levels required when called:    2
 This function calls:
		_BusyXLCD
		_WriteDataXLCD
 This function is called by:
		_main
 This function uses a non-reentrant model


 *************** function _WriteDataXLCD *****************
 Defined at:
		line 16 in file "Lib_mias_all/microchip_LCD/writdata.c"
 Parameters:    Size  Location     Type
  data            1    wreg     unsigned char 
 Auto vars:     Size  Location     Type
  data            1    0[COMRAM] unsigned char 
 Return value:  Size  Location     Type
                  1    wreg      void 
 Registers used:
		wreg, status,2, status,0, cstack
 Tracked objects:
		On entry : 
		On exit  : 
		Unchanged: 
 Data sizes:     COMRAM   BANK0   BANK1   BANK2   BANK3   BANK4   BANK5
      Params:         0       0       0       0       0       0       0
      Locals:         1       0       0       0       0       0       0
      Temps:          0       0       0       0       0       0       0
      Totals:         1       0       0       0       0       0       0
Total ram usage:        1 bytes
 Hardware stack levels used:    1
 Hardware stack levels required when called:    1
 This function calls:
		_DelayFor18TCY
 This function is called by:
		_putrsXLCD
 This function uses a non-reentrant model


 *************** function _SYSTEM_Initialize *****************
 Defined at:
		line 50 in file "mcc_generated_files/mcc.c"
 Parameters:    Size  Location     Type
		None
 Auto vars:     Size  Location     Type
		None
 Return value:  Size  Location     Type
                  1    wreg      void 
 Registers used:
		wreg, status,2, cstack
 Tracked objects:
		On entry : 
		On exit  : 
		Unchanged: 
 Data sizes:     COMRAM   BANK0   BANK1   BANK2   BANK3   BANK4   BANK5
      Params:         0       0       0       0       0       0       0
      Locals:         0       0       0       0       0       0       0
      Temps:          0       0       0       0       0       0       0
      Totals:         0       0       0       0       0       0       0
Total ram usage:        0 bytes
 Hardware stack levels used:    1
 Hardware stack levels required when called:    1
 This function calls:
		_OSCILLATOR_Initialize
		_PIN_MANAGER_Initialize
 This function is called by:
		_main
 This function uses a non-reentrant model


 *************** function _PIN_MANAGER_Initialize *****************
 Defined at:
		line 55 in file "mcc_generated_files/pin_manager.c"
 Parameters:    Size  Location     Type
		None
 Auto vars:     Size  Location     Type
		None
 Return value:  Size  Location     Type
                  1    wreg      void 
 Registers used:
		wreg, status,2
 Tracked objects:
		On entry : 
		On exit  : 
		Unchanged: 
 Data sizes:     COMRAM   BANK0   BANK1   BANK2   BANK3   BANK4   BANK5
      Params:         0       0       0       0       0       0       0
      Locals:         0       0       0       0       0       0       0
      Temps:          0       0       0       0       0       0       0
      Totals:         0       0       0       0       0       0       0
Total ram usage:        0 bytes
 Hardware stack levels used:    1
 This function calls:
		Nothing
 This function is called by:
		_SYSTEM_Initialize
 This function uses a non-reentrant model


 *************** function _OSCILLATOR_Initialize *****************
 Defined at:
		line 57 in file "mcc_generated_files/mcc.c"
 Parameters:    Size  Location     Type
		None
 Auto vars:     Size  Location     Type
		None
 Return value:  Size  Location     Type
                  1    wreg      void 
 Registers used:
		wreg, status,2
 Tracked objects:
		On entry : 
		On exit  : 
		Unchanged: 
 Data sizes:     COMRAM   BANK0   BANK1   BANK2   BANK3   BANK4   BANK5
      Params:         0       0       0       0       0       0       0
      Locals:         0       0       0       0       0       0       0
      Temps:          0       0       0       0       0       0       0
      Totals:         0       0       0       0       0       0       0
Total ram usage:        0 bytes
 Hardware stack levels used:    1
 This function calls:
		Nothing
 This function is called by:
		_SYSTEM_Initialize
 This function uses a non-reentrant model


 *************** function _LCD_inicio *****************
 Defined at:
		line 8 in file "Lib_mias_all/microchip_LCD/LCD_inicio.c"
 Parameters:    Size  Location     Type
		None
 Auto vars:     Size  Location     Type
		None
 Return value:  Size  Location     Type
                  1    wreg      void 
 Registers used:
		wreg, status,2, status,0, cstack
 Tracked objects:
		On entry : 
		On exit  : 
		Unchanged: 
 Data sizes:     COMRAM   BANK0   BANK1   BANK2   BANK3   BANK4   BANK5
      Params:         0       0       0       0       0       0       0
      Locals:         0       0       0       0       0       0       0
      Temps:          0       0       0       0       0       0       0
      Totals:         0       0       0       0       0       0       0
Total ram usage:        0 bytes
 Hardware stack levels used:    1
 Hardware stack levels required when called:    3
 This function calls:
		_DelayXLCD
		_OpenXLCD
		_WriteCmdXLCD
 This function is called by:
		_main
 This function uses a non-reentrant model


 *************** function _OpenXLCD *****************
 Defined at:
		line 20 in file "Lib_mias_all/microchip_LCD/openxlcd.c"
 Parameters:    Size  Location     Type
  lcdtype         1    wreg     unsigned char 
 Auto vars:     Size  Location     Type
  lcdtype         1    3[COMRAM] unsigned char 
 Return value:  Size  Location     Type
                  1    wreg      void 
 Registers used:
		wreg, status,2, status,0, cstack
 Tracked objects:
		On entry : 
		On exit  : 
		Unchanged: 
 Data sizes:     COMRAM   BANK0   BANK1   BANK2   BANK3   BANK4   BANK5
      Params:         0       0       0       0       0       0       0
      Locals:         1       0       0       0       0       0       0
      Temps:          1       0       0       0       0       0       0
      Totals:         2       0       0       0       0       0       0
Total ram usage:        2 bytes
 Hardware stack levels used:    1
 Hardware stack levels required when called:    2
 This function calls:
		_BusyXLCD
		_SetDDRamAddr
		_WriteCmdXLCD
 This function is called by:
		_LCD_inicio
 This function uses a non-reentrant model


 *************** function _WriteCmdXLCD *****************
 Defined at:
		line 13 in file "Lib_mias_all/microchip_LCD/wcmdxlcd.c"
 Parameters:    Size  Location     Type
  cmd             1    wreg     unsigned char 
 Auto vars:     Size  Location     Type
  cmd             1    1[COMRAM] unsigned char 
 Return value:  Size  Location     Type
                  1    wreg      void 
 Registers used:
		wreg, status,2, status,0, cstack
 Tracked objects:
		On entry : 
		On exit  : 
		Unchanged: 
 Data sizes:     COMRAM   BANK0   BANK1   BANK2   BANK3   BANK4   BANK5
      Params:         0       0       0       0       0       0       0
      Locals:         1       0       0       0       0       0       0
      Temps:          0       0       0       0       0       0       0
      Totals:         1       0       0       0       0       0       0
Total ram usage:        1 bytes
 Hardware stack levels used:    1
 Hardware stack levels required when called:    1
 This function calls:
		_DelayFor18TCY
		_DelayPORXLCD
 This function is called by:
		_LCD_inicio
		_OpenXLCD
		_main
 This function uses a non-reentrant model


 *************** function _DelayPORXLCD *****************
 Defined at:
		line 69 in file "Lib_mias_all/microchip_LCD/delay_xlcd.c"
 Parameters:    Size  Location     Type
		None
 Auto vars:     Size  Location     Type
		None
 Return value:  Size  Location     Type
                  1    wreg      void 
 Registers used:
		wreg
 Tracked objects:
		On entry : 
		On exit  : 
		Unchanged: 
 Data sizes:     COMRAM   BANK0   BANK1   BANK2   BANK3   BANK4   BANK5
      Params:         0       0       0       0       0       0       0
      Locals:         0       0       0       0       0       0       0
      Temps:          1       0       0       0       0       0       0
      Totals:         1       0       0       0       0       0       0
Total ram usage:        1 bytes
 Hardware stack levels used:    1
 This function calls:
		Nothing
 This function is called by:
		_WriteCmdXLCD
 This function uses a non-reentrant model


 *************** function _SetDDRamAddr *****************
 Defined at:
		line 13 in file "Lib_mias_all/microchip_LCD/setddram.c"
 Parameters:    Size  Location     Type
  DDaddr          1    wreg     unsigned char 
 Auto vars:     Size  Location     Type
  DDaddr          1    1[COMRAM] unsigned char 
 Return value:  Size  Location     Type
                  1    wreg      void 
 Registers used:
		wreg, status,2, status,0, cstack
 Tracked objects:
		On entry : 
		On exit  : 
		Unchanged: 
 Data sizes:     COMRAM   BANK0   BANK1   BANK2   BANK3   BANK4   BANK5
      Params:         0       0       0       0       0       0       0
      Locals:         1       0       0       0       0       0       0
      Temps:          1       0       0       0       0       0       0
      Totals:         2       0       0       0       0       0       0
Total ram usage:        2 bytes
 Hardware stack levels used:    1
 Hardware stack levels required when called:    1
 This function calls:
		_DelayFor18TCY
 This function is called by:
		_OpenXLCD
		_main
 This function uses a non-reentrant model


 *************** function _BusyXLCD *****************
 Defined at:
		line 11 in file "Lib_mias_all/microchip_LCD/busyxlcd.c"
 Parameters:    Size  Location     Type
		None
 Auto vars:     Size  Location     Type
		None
 Return value:  Size  Location     Type
                  1    wreg      unsigned char 
 Registers used:
		wreg, cstack
 Tracked objects:
		On entry : 
		On exit  : 
		Unchanged: 
 Data sizes:     COMRAM   BANK0   BANK1   BANK2   BANK3   BANK4   BANK5
      Params:         0       0       0       0       0       0       0
      Locals:         0       0       0       0       0       0       0
      Temps:          0       0       0       0       0       0       0
      Totals:         0       0       0       0       0       0       0
Total ram usage:        0 bytes
 Hardware stack levels used:    1
 Hardware stack levels required when called:    1
 This function calls:
		_DelayFor18TCY
 This function is called by:
		_OpenXLCD
		_putrsXLCD
		_main
 This function uses a non-reentrant model


 *************** function _DelayFor18TCY *****************
 Defined at:
		line 62 in file "Lib_mias_all/microchip_LCD/delay_xlcd.c"
 Parameters:    Size  Location     Type
		None
 Auto vars:     Size  Location     Type
		None
 Return value:  Size  Location     Type
                  1    wreg      void 
 Registers used:
		None
 Tracked objects:
		On entry : 
		On exit  : 
		Unchanged: 
 Data sizes:     COMRAM   BANK0   BANK1   BANK2   BANK3   BANK4   BANK5
      Params:         0       0       0       0       0       0       0
      Locals:         0       0       0       0       0       0       0
      Temps:          0       0       0       0       0       0       0
      Totals:         0       0       0       0       0       0       0
Total ram usage:        0 bytes
 Hardware stack levels used:    1
 This function calls:
		Nothing
 This function is called by:
		_BusyXLCD
		_SetDDRamAddr
		_WriteCmdXLCD
		_WriteDataXLCD
 This function uses a non-reentrant model


 *************** function _DelayXLCD *****************
 Defined at:
		line 75 in file "Lib_mias_all/microchip_LCD/delay_xlcd.c"
 Parameters:    Size  Location     Type
		None
 Auto vars:     Size  Location     Type
		None
 Return value:  Size  Location     Type
                  1    wreg      void 
 Registers used:
		wreg
 Tracked objects:
		On entry : 
		On exit  : 
		Unchanged: 
 Data sizes:     COMRAM   BANK0   BANK1   BANK2   BANK3   BANK4   BANK5
      Params:         0       0       0       0       0       0       0
      Locals:         0       0       0       0       0       0       0
      Temps:          1       0       0       0       0       0       0
      Totals:         1       0       0       0       0       0       0
Total ram usage:        1 bytes
 Hardware stack levels used:    1
 This function calls:
		Nothing
 This function is called by:
		_LCD_inicio
 This function uses a non-reentrant model



MODULE INFORMATION

Module		Function		Class		Link	Load	Size
Lib_mias_all/microchip_LCD/openxlcd.c
		_OpenXLCD      		CODE           	0640	0000	296

Lib_mias_all/microchip_LCD/openxlcd.c estimated size: 296

Lib_mias_all/microchip_LCD/busyxlcd.c
		_BusyXLCD      		CODE           	093E	0000	76

Lib_mias_all/microchip_LCD/busyxlcd.c estimated size: 76

Lib_mias_all/microchip_LCD/wcmdxlcd.c
		_WriteCmdXLCD  		CODE           	08E8	0000	86

Lib_mias_all/microchip_LCD/wcmdxlcd.c estimated size: 86

mcc_generated_files/pin_manager.c
		_PIN_MANAGER_Initialize		CODE           	0A12	0000	38

mcc_generated_files/pin_manager.c estimated size: 38

Lib_mias_all/microchip_LCD/delay_xlcd.c
		_DelayFor18TCY 		CODE           	0A94	0000	14
		_DelayXLCD     		CODE           	0A6E	0000	20
		_DelayPORXLCD  		CODE           	0A82	0000	18

Lib_mias_all/microchip_LCD/delay_xlcd.c estimated size: 52

shared
		__initialization		CODE           	0A38	0000	18

shared estimated size: 18

Lib_mias_all/microchip_LCD/writdata.c
		_WriteDataXLCD 		CODE           	09D2	0000	64

Lib_mias_all/microchip_LCD/writdata.c estimated size: 64

mcc_generated_files/mcc.c
		_OSCILLATOR_Initialize		CODE           	0AAE	0000	12
		_SYSTEM_Initialize		CODE           	0AA2	0000	12

mcc_generated_files/mcc.c estimated size: 24

Lib_mias_all/microchip_LCD/setddram.c
		_SetDDRamAddr  		CODE           	098A	0000	72

Lib_mias_all/microchip_LCD/setddram.c estimated size: 72

Lib_mias_all/microchip_LCD/LCD_inicio.c
		_LCD_inicio    		CODE           	0A54	0000	26

Lib_mias_all/microchip_LCD/LCD_inicio.c estimated size: 26

Lib_mias_all/microchip_LCD/putrxlcd.c
		_putrsXLCD     		CODE           	0872	0000	118

Lib_mias_all/microchip_LCD/putrxlcd.c estimated size: 118

main.c
		_main          		CODE           	0768	0000	266

main.c estimated size: 266

