Microchip MPLAB XC8 Compiler V2.31

Linker command line:

-W-3 --edf=D:\Programas_varios\Microchip\xc8\v2.31\pic\dat\en_msgs.txt -cn \
  -h+dist/Generica_LCD_C90/production\Generico_simple.X.production.sym \
  --cmf=dist/Generica_LCD_C90/production\Generico_simple.X.production.cmf \
  -z -Q18F25K20 -oC:\Users\rommel\AppData\Local\Temp\s67g.2 \
  --defsym=__MPLAB_BUILD=1 \
  -Mdist/Generica_LCD_C90/production/Generico_simple.X.production.map -E1 \
  -ver=XC8 Compiler --acfsm=1493 -ASTACK=060h-05FFh -pstack=STACK \
  -ACODE=00h-07FFFh -ACONST=00h-07FFFh -ASMALLCONST=0600h-06FFhx122 \
  -AMEDIUMCONST=0600h-07FFFh -ACOMRAM=01h-05Fh -AABS1=00h-05FFh \
  -ABIGRAM=01h-05FFh -ARAM=060h-0FFh,0100h-01FFhx5 -ABANK0=060h-0FFh \
  -ABANK1=0100h-01FFh -ABANK2=0200h-02FFh -ABANK3=0300h-03FFh \
  -ABANK4=0400h-04FFh -ABANK5=0500h-05FFh -ASFR=0F60h-0FFFh \
  -ACONFIG=0300000h-030000Dh -AIDLOC=0200000h-0200007h \
  -AEEDATA=0F00000h-0F000FFh -peeprom_data=EEDATA \
  -preset_vec=00h,intcode,intcodelo,powerup,init -pramtop=0600h \
  -psmallconst=SMALLCONST -pmediumconst=MEDIUMCONST -pconst=CONST \
  -AFARRAM=00h-00h \
  -prdata=COMRAM,nvrram=COMRAM,nvbit=COMRAM,rbss=COMRAM,rbit=COMRAM \
  -pfarbss=FARRAM,fardata=FARRAM,nvFARRAM=FARRAM \
  -pintsave_regs=BIGRAM,bigbss=BIGRAM,bigdata=BIGRAM -pbss=RAM \
  -pidata=CODE,irdata=CODE,ibigdata=CODE,ifardata=CODE -prparam=COMRAM \
  C:\Users\rommel\AppData\Local\Temp\s67g.o \
  dist/Generica_LCD_C90/production\Generico_simple.X.production.o 

Object code version is 3.11

Machine type is 18F25K20



                Name                               Link     Load   Length Selector   Space Scale
C:\Users\rommel\AppData\Local\Temp\s67g.o
                idloc                            200000   200000        8        0       5
                config                           300000   300000        E        0       4
                init                                  0        0        4        0       0
dist/Generica_LCD_C90/production\Generico_simple.X.production.o
                idloc                            200000   200000        8        0       5
                config                           300000   300000        E        0       4
                smallconst                          600      600       40      300       0
                text13                              992      992       12      320       0
                text12                              9B4      9B4        C      320       0
                text11                              906      906       3A      320       0
                text10                              882      882       46      320       0
                text9                               9A4      9A4       10      320       0
                text8                               83A      83A       48      320       0
                text7                               640      640       D6      320       0
                text6                               964      964       18      320       0
                text5                               9CA      9CA        A      320       0
                text4                               940      940       24      320       0
                text3                               9C0      9C0        A      320       0
                text2                               8C8      8C8       3E      320       0
                text1                               7DE      7DE       5C      320       0
                text0                               716      716       C8      320       0
                cstackCOMRAM                         12       12        6        1       1
                bssCOMRAM                             1        1       11        1       1
                cinit                               97C      97C       16      320       0

TOTAL           Name                               Link     Load   Length     Space
        CLASS   STACK          

        CLASS   CODE           
                init                                  0        0        4         0
                text13                              992      992       12         0
                text12                              9B4      9B4        C         0
                text11                              906      906       3A         0
                text10                              882      882       46         0
                text9                               9A4      9A4       10         0
                text8                               83A      83A       48         0
                text7                               640      640       D6         0
                text6                               964      964       18         0
                text5                               9CA      9CA        A         0
                text4                               940      940       24         0
                text3                               9C0      9C0        A         0
                text2                               8C8      8C8       3E         0
                text1                               7DE      7DE       5C         0
                text0                               716      716       C8         0
                cinit                               97C      97C       16         0

        CLASS   CONST          

        CLASS   SMALLCONST     
                smallconst                          600      600       40         0

        CLASS   MEDIUMCONST    

        CLASS   COMRAM         
                cstackCOMRAM                         12       12        6         1
                bssCOMRAM                             1        1       11         1

        CLASS   ABS1           

        CLASS   BIGRAM         

        CLASS   RAM            

        CLASS   BANK0          

        CLASS   BANK1          

        CLASS   BANK2          

        CLASS   BANK3          

        CLASS   BANK4          

        CLASS   BANK5          

        CLASS   SFR            

        CLASS   CONFIG         
                config                           300000   300000        E         4

        CLASS   IDLOC          
                idloc                            200000   200000        8         5

        CLASS   EEDATA         

        CLASS   FARRAM         



SEGMENTS        Name                           Load    Length   Top    Selector   Space  Class

                reset_vec                      000000  000004  000004         0       0  CODE    
                bssCOMRAM                      000001  000017  000018         1       1  COMRAM  
                smallconst                     000600  000040  000640       300       0  SMALLCON
                text7                          000640  000394  0009D4       320       0  CODE    


UNUSED ADDRESS RANGES

        Name                Unused          Largest block    Delta
        BANK0            000060-0000FF               A0
        BANK1            000100-0001FF              100
        BANK2            000200-0002FF              100
        BANK3            000300-0003FF              100
        BANK4            000400-0004FF              100
        BANK5            000500-0005FF              100
        BIGRAM           000018-0005FF              5E8
        CODE             000004-0005FF              5FC
                         0009D4-007FFF             762C
        COMRAM           000018-00005F               48
        CONST            000004-0005FF              5FC
                         0009D4-007FFF             762C
        EEDATA           F00000-F000FF              100
        MEDIUMCONST      0009D4-007FFF             762C
        RAM              000060-0005FF              100
        SFR              000F60-000FFF               A0
        SMALLCONST       0009D4-007FFF              100
        STACK            000060-0005FF              5A0

                                  Symbol Table

OpenXLCD@lcdtype                 cstackCOMRAM 000015
SetDDRamAddr@DDaddr              cstackCOMRAM 000013
WriteCmdXLCD@cmd                 cstackCOMRAM 000013
WriteDataXLCD@data               cstackCOMRAM 000012
_ANSEL                           (abs)        000F7E
_ANSELH                          (abs)        000F7F
_BusyXLCD                        text11       000906
_DelayFor18TCY                   text12       0009B4
_DelayPORXLCD                    text9        0009A4
_DelayXLCD                       text13       000992
_INTCON2bits                     (abs)        000FF1
_LATA                            (abs)        000F89
_LATAbits                        (abs)        000F89
_LATB                            (abs)        000F8A
_LATBbits                        (abs)        000F8A
_LATC                            (abs)        000F8B
_LATCbits                        (abs)        000F8B
_LCD_inicio                      text6        000964
_OSCCON                          (abs)        000FD3
_OSCILLATOR_Initialize           text5        0009CA
_OSCTUNE                         (abs)        000F9B
_OpenXLCD                        text7        000640
_PIN_MANAGER_Initialize          text4        000940
_PORTB                           (abs)        000F81
_SYSTEM_Initialize               text3        0009C0
_SetDDRamAddr                    text10       000882
_TRISA                           (abs)        000F92
_TRISB                           (abs)        000F93
_TRISBbits                       (abs)        000F93
_TRISC                           (abs)        000F94
_TRISCbits                       (abs)        000F94
_WPUB                            (abs)        000F7C
_WriteCmdXLCD                    text8        00083A
_WriteDataXLCD                   text2        0008C8
__HRAM                           (abs)        000000
__Habs1                          abs1         000000
__Hbank0                         bank0        000000
__Hbank1                         bank1        000000
__Hbank2                         bank2        000000
__Hbank3                         bank3        000000
__Hbank4                         bank4        000000
__Hbank5                         bank5        000000
__Hbigbss                        bigbss       000000
__Hbigdata                       bigdata      000000
__Hbigram                        bigram       000000
__Hbss                           bss          000000
__HbssCOMRAM                     bssCOMRAM    000000
__Hcinit                         cinit        000000
__Hclrtext                       clrtext      000000
__Hcomram                        comram       000000
__Hconfig                        config       30000E
__Hconst                         const        000000
__HcstackCOMRAM                  cstackCOMRAM 000000
__Hdata                          data         000000
__Heeprom_data                   eeprom_data  000000
__Hfarbss                        farbss       000000
__Hfardata                       fardata      000000
__Hibigdata                      ibigdata     000000
__Hidata                         idata        000000
__Hidloc                         idloc        200008
__Hifardata                      ifardata     000000
__Hinit                          init         000004
__Hintcode                       intcode      000000
__Hintcode_body                  intcode_body 000000
__Hintcodelo                     intcodelo    000000
__Hintentry                      intentry     000000
__Hintret                        intret       000000
__Hintsave_regs                  intsave_regs 000000
__Hirdata                        irdata       000000
__Hmediumconst                   mediumconst  000000
__HnvFARRAM                      nvFARRAM     000000
__Hnvbit                         nvbit        000000
__Hnvrram                        nvrram       000000
__Hparam                         rparam       000000
__Hpowerup                       powerup      000000
__Hram                           ram          000000
__Hramtop                        ramtop       000600
__Hrbit                          rbit         000000
__Hrbss                          rbss         000000
__Hrdata                         rdata        000000
__Hreset_vec                     reset_vec    000000
__Hrparam                        rparam       000000
__Hsfr                           sfr          000000
__Hsmallconst                    smallconst   000640
__Hspace_0                       (abs)        0009D4
__Hspace_1                       (abs)        000018
__Hspace_2                       (abs)        000000
__Hspace_4                       (abs)        60000E
__Hstack                         stack        000000
__Hstruct                        struct       000000
__Htemp                          temp         000000
__Htext                          text         000000
__Htext0                         text0        000000
__Htext1                         text1        000000
__Htext10                        text10       000000
__Htext11                        text11       000000
__Htext12                        text12       000000
__Htext13                        text13       000000
__Htext2                         text2        000000
__Htext3                         text3        000000
__Htext4                         text4        000000
__Htext5                         text5        000000
__Htext6                         text6        000000
__Htext7                         text7        000000
__Htext8                         text8        000000
__Htext9                         text9        000000
__LRAM                           (abs)        000001
__Labs1                          abs1         000000
__Lbank0                         bank0        000000
__Lbank1                         bank1        000000
__Lbank2                         bank2        000000
__Lbank3                         bank3        000000
__Lbank4                         bank4        000000
__Lbank5                         bank5        000000
__Lbigbss                        bigbss       000000
__Lbigdata                       bigdata      000000
__Lbigram                        bigram       000000
__Lbss                           bss          000000
__LbssCOMRAM                     bssCOMRAM    000000
__Lcinit                         cinit        000000
__Lclrtext                       clrtext      000000
__Lcomram                        comram       000000
__Lconfig                        config       000000
__Lconst                         const        000000
__LcstackCOMRAM                  cstackCOMRAM 000000
__Ldata                          data         000000
__Leeprom_data                   eeprom_data  000000
__Lfarbss                        farbss       000000
__Lfardata                       fardata      000000
__Libigdata                      ibigdata     000000
__Lidata                         idata        000000
__Lidloc                         idloc        000000
__Lifardata                      ifardata     000000
__Linit                          init         000000
__Lintcode                       intcode      000000
__Lintcode_body                  intcode_body 000000
__Lintcodelo                     intcodelo    000000
__Lintentry                      intentry     000000
__Lintret                        intret       000000
__Lintsave_regs                  intsave_regs 000000
__Lirdata                        irdata       000000
__Lmediumconst                   mediumconst  000000
__LnvFARRAM                      nvFARRAM     000000
__Lnvbit                         nvbit        000000
__Lnvrram                        nvrram       000000
__Lparam                         rparam       000000
__Lpowerup                       powerup      000000
__Lram                           ram          000000
__Lramtop                        ramtop       000600
__Lrbit                          rbit         000000
__Lrbss                          rbss         000000
__Lrdata                         rdata        000000
__Lreset_vec                     reset_vec    000000
__Lrparam                        rparam       000000
__Lsfr                           sfr          000000
__Lsmallconst                    smallconst   000600
__Lspace_0                       (abs)        000000
__Lspace_1                       (abs)        000000
__Lspace_2                       (abs)        000000
__Lspace_4                       (abs)        000000
__Lstack                         stack        000000
__Lstruct                        struct       000000
__Ltemp                          temp         000000
__Ltext                          text         000000
__Ltext0                         text0        000000
__Ltext1                         text1        000000
__Ltext10                        text10       000000
__Ltext11                        text11       000000
__Ltext12                        text12       000000
__Ltext13                        text13       000000
__Ltext2                         text2        000000
__Ltext3                         text3        000000
__Ltext4                         text4        000000
__Ltext5                         text5        000000
__Ltext6                         text6        000000
__Ltext7                         text7        000000
__Ltext8                         text8        000000
__Ltext9                         text9        000000
__S0                             (abs)        0009D4
__S1                             (abs)        000018
__S2                             (abs)        000000
__S4                             (abs)        000000
__S5                             (abs)        000000
___inthi_sp                      stack        000000
___intlo_sp                      stack        000000
___param_bank                    (abs)        000000
___rparam_used                   (abs)        000001
___sp                            stack        000000
__accesstop                      (abs)        000060
__activetblptr                   (abs)        000002
__end_of_BusyXLCD                text11       000940
__end_of_DelayFor18TCY           text12       0009C0
__end_of_DelayPORXLCD            text9        0009B4
__end_of_DelayXLCD               text13       0009A4
__end_of_LCD_inicio              text6        00097C
__end_of_OSCILLATOR_Initialize   text5        0009D4
__end_of_OpenXLCD                text7        000716
__end_of_PIN_MANAGER_Initialize  text4        000964
__end_of_SYSTEM_Initialize       text3        0009CA
__end_of_SetDDRamAddr            text10       0008C8
__end_of_WriteCmdXLCD            text8        000882
__end_of_WriteDataXLCD           text2        000906
__end_of__initialization         cinit        000988
__end_of_main                    text0        0007DE
__end_of_putrsXLCD               text1        00083A
__initialization                 cinit        00097C
__mediumconst                    mediumconst  000000
__pbssCOMRAM                     bssCOMRAM    000001
__pcinit                         cinit        00097C
__pcstackCOMRAM                  cstackCOMRAM 000012
__psmallconst                    smallconst   000600
__ptext0                         text0        000716
__ptext1                         text1        0007DE
__ptext10                        text10       000882
__ptext11                        text11       000906
__ptext12                        text12       0009B4
__ptext13                        text13       000992
__ptext2                         text2        0008C8
__ptext3                         text3        0009C0
__ptext4                         text4        000940
__ptext5                         text5        0009CA
__ptext6                         text6        000964
__ptext7                         text7        000640
__ptext8                         text8        00083A
__ptext9                         text9        0009A4
__ramtop                         ramtop       000600
__size_of_BusyXLCD               (abs)        000000
__size_of_DelayFor18TCY          (abs)        000000
__size_of_DelayPORXLCD           (abs)        000000
__size_of_DelayXLCD              (abs)        000000
__size_of_LCD_inicio             (abs)        000000
__size_of_OSCILLATOR_Initialize  (abs)        000000
__size_of_OpenXLCD               (abs)        000000
__size_of_PIN_MANAGER_Initialize (abs)        000000
__size_of_SYSTEM_Initialize      (abs)        000000
__size_of_SetDDRamAddr           (abs)        000000
__size_of_WriteCmdXLCD           (abs)        000000
__size_of_WriteDataXLCD          (abs)        000000
__size_of_main                   (abs)        000000
__size_of_putrsXLCD              (abs)        000000
__smallconst                     smallconst   000600
_main                            text0        000716
_putrsXLCD                       text1        0007DE
end_of_initialization            cinit        000988
ftoat_mio@buf                    bssCOMRAM    000001
intlevel0                        text         000000
intlevel1                        text         000000
intlevel2                        text         000000
intlevel3                        text         000000
putrsXLCD@buffer                 cstackCOMRAM 000013
stackhi                          (abs)        0005FF
stacklo                          (abs)        000060
start                            init         000000
start_initialization             cinit        00097C


FUNCTION INFORMATION:

 *************** function _main *****************
 Defined at:
		line 51 in file "main.c"
 Parameters:    Size  Location     Type
		None
 Auto vars:     Size  Location     Type
		None
 Return value:  Size  Location     Type
                  1    wreg      void 
 Registers used:
		wreg, fsr0l, fsr0h, status,2, status,0, tblptrl, tblptrh, tblptru, cstack
 Tracked objects:
		On entry : 
		On exit  : 
		Unchanged: 
 Data sizes:     COMRAM   BANK0   BANK1   BANK2   BANK3   BANK4   BANK5
      Params:         0       0       0       0       0       0       0
      Locals:         0       0       0       0       0       0       0
      Temps:          2       0       0       0       0       0       0
      Totals:         2       0       0       0       0       0       0
Total ram usage:        2 bytes
 Hardware stack levels required when called:    4
 This function calls:
		_BusyXLCD
		_LCD_inicio
		_SYSTEM_Initialize
		_SetDDRamAddr
		_WriteCmdXLCD
		_putrsXLCD
 This function is called by:
		Startup code after reset
 This function uses a non-reentrant model


 *************** function _putrsXLCD *****************
 Defined at:
		line 16 in file "Lib_mias_all/microchip_LCD/putrxlcd.c"
 Parameters:    Size  Location     Type
  buffer          2    1[COMRAM] PTR unsigned char 
		 -> STR_6(1), ftoat_mio@buf(17), STR_4(14), STR_3(16), 
		 -> STR_2(8), STR_1(12), 
 Auto vars:     Size  Location     Type
		None
 Return value:  Size  Location     Type
                  1    wreg      void 
 Registers used:
		wreg, fsr0l, fsr0h, status,2, status,0, tblptrl, tblptrh, tblptru, cstack
 Tracked objects:
		On entry : 
		On exit  : 
		Unchanged: 
 Data sizes:     COMRAM   BANK0   BANK1   BANK2   BANK3   BANK4   BANK5
      Params:         2       0       0       0       0       0       0
      Locals:         0       0       0       0       0       0       0
      Temps:          0       0       0       0       0       0       0
      Totals:         2       0       0       0       0       0       0
Total ram usage:        2 bytes
 Hardware stack levels used:    1
 Hardware stack levels required when called:    2
 This function calls:
		_BusyXLCD
		_WriteDataXLCD
 This function is called by:
		_main
 This function uses a non-reentrant model


 *************** function _WriteDataXLCD *****************
 Defined at:
		line 16 in file "Lib_mias_all/microchip_LCD/writdata.c"
 Parameters:    Size  Location     Type
  data            1    wreg     unsigned char 
 Auto vars:     Size  Location     Type
  data            1    0[COMRAM] unsigned char 
 Return value:  Size  Location     Type
                  1    wreg      void 
 Registers used:
		wreg, status,2, status,0, cstack
 Tracked objects:
		On entry : 
		On exit  : 
		Unchanged: 
 Data sizes:     COMRAM   BANK0   BANK1   BANK2   BANK3   BANK4   BANK5
      Params:         0       0       0       0       0       0       0
      Locals:         1       0       0       0       0       0       0
      Temps:          0       0       0       0       0       0       0
      Totals:         1       0       0       0       0       0       0
Total ram usage:        1 bytes
 Hardware stack levels used:    1
 Hardware stack levels required when called:    1
 This function calls:
		_DelayFor18TCY
 This function is called by:
		_putrsXLCD
 This function uses a non-reentrant model


 *************** function _SYSTEM_Initialize *****************
 Defined at:
		line 50 in file "mcc_generated_files/mcc.c"
 Parameters:    Size  Location     Type
		None
 Auto vars:     Size  Location     Type
		None
 Return value:  Size  Location     Type
                  1    wreg      void 
 Registers used:
		wreg, status,2, cstack
 Tracked objects:
		On entry : 
		On exit  : 
		Unchanged: 
 Data sizes:     COMRAM   BANK0   BANK1   BANK2   BANK3   BANK4   BANK5
      Params:         0       0       0       0       0       0       0
      Locals:         0       0       0       0       0       0       0
      Temps:          0       0       0       0       0       0       0
      Totals:         0       0       0       0       0       0       0
Total ram usage:        0 bytes
 Hardware stack levels used:    1
 Hardware stack levels required when called:    1
 This function calls:
		_OSCILLATOR_Initialize
		_PIN_MANAGER_Initialize
 This function is called by:
		_main
 This function uses a non-reentrant model


 *************** function _PIN_MANAGER_Initialize *****************
 Defined at:
		line 55 in file "mcc_generated_files/pin_manager.c"
 Parameters:    Size  Location     Type
		None
 Auto vars:     Size  Location     Type
		None
 Return value:  Size  Location     Type
                  1    wreg      void 
 Registers used:
		wreg, status,2
 Tracked objects:
		On entry : 
		On exit  : 
		Unchanged: 
 Data sizes:     COMRAM   BANK0   BANK1   BANK2   BANK3   BANK4   BANK5
      Params:         0       0       0       0       0       0       0
      Locals:         0       0       0       0       0       0       0
      Temps:          0       0       0       0       0       0       0
      Totals:         0       0       0       0       0       0       0
Total ram usage:        0 bytes
 Hardware stack levels used:    1
 This function calls:
		Nothing
 This function is called by:
		_SYSTEM_Initialize
 This function uses a non-reentrant model


 *************** function _OSCILLATOR_Initialize *****************
 Defined at:
		line 57 in file "mcc_generated_files/mcc.c"
 Parameters:    Size  Location     Type
		None
 Auto vars:     Size  Location     Type
		None
 Return value:  Size  Location     Type
                  1    wreg      void 
 Registers used:
		wreg, status,2
 Tracked objects:
		On entry : 
		On exit  : 
		Unchanged: 
 Data sizes:     COMRAM   BANK0   BANK1   BANK2   BANK3   BANK4   BANK5
      Params:         0       0       0       0       0       0       0
      Locals:         0       0       0       0       0       0       0
      Temps:          0       0       0       0       0       0       0
      Totals:         0       0       0       0       0       0       0
Total ram usage:        0 bytes
 Hardware stack levels used:    1
 This function calls:
		Nothing
 This function is called by:
		_SYSTEM_Initialize
 This function uses a non-reentrant model


 *************** function _LCD_inicio *****************
 Defined at:
		line 8 in file "Lib_mias_all/microchip_LCD/LCD_inicio.c"
 Parameters:    Size  Location     Type
		None
 Auto vars:     Size  Location     Type
		None
 Return value:  Size  Location     Type
                  1    wreg      void 
 Registers used:
		wreg, status,2, status,0, cstack
 Tracked objects:
		On entry : 
		On exit  : 
		Unchanged: 
 Data sizes:     COMRAM   BANK0   BANK1   BANK2   BANK3   BANK4   BANK5
      Params:         0       0       0       0       0       0       0
      Locals:         0       0       0       0       0       0       0
      Temps:          0       0       0       0       0       0       0
      Totals:         0       0       0       0       0       0       0
Total ram usage:        0 bytes
 Hardware stack levels used:    1
 Hardware stack levels required when called:    3
 This function calls:
		_DelayXLCD
		_OpenXLCD
		_WriteCmdXLCD
 This function is called by:
		_main
 This function uses a non-reentrant model


 *************** function _OpenXLCD *****************
 Defined at:
		line 20 in file "Lib_mias_all/microchip_LCD/openxlcd.c"
 Parameters:    Size  Location     Type
  lcdtype         1    wreg     unsigned char 
 Auto vars:     Size  Location     Type
  lcdtype         1    3[COMRAM] unsigned char 
 Return value:  Size  Location     Type
                  1    wreg      void 
 Registers used:
		wreg, status,2, status,0, cstack
 Tracked objects:
		On entry : 
		On exit  : 
		Unchanged: 
 Data sizes:     COMRAM   BANK0   BANK1   BANK2   BANK3   BANK4   BANK5
      Params:         0       0       0       0       0       0       0
      Locals:         1       0       0       0       0       0       0
      Temps:          1       0       0       0       0       0       0
      Totals:         2       0       0       0       0       0       0
Total ram usage:        2 bytes
 Hardware stack levels used:    1
 Hardware stack levels required when called:    2
 This function calls:
		_BusyXLCD
		_SetDDRamAddr
		_WriteCmdXLCD
 This function is called by:
		_LCD_inicio
 This function uses a non-reentrant model


 *************** function _WriteCmdXLCD *****************
 Defined at:
		line 13 in file "Lib_mias_all/microchip_LCD/wcmdxlcd.c"
 Parameters:    Size  Location     Type
  cmd             1    wreg     unsigned char 
 Auto vars:     Size  Location     Type
  cmd             1    1[COMRAM] unsigned char 
 Return value:  Size  Location     Type
                  1    wreg      void 
 Registers used:
		wreg, status,2, status,0, cstack
 Tracked objects:
		On entry : 
		On exit  : 
		Unchanged: 
 Data sizes:     COMRAM   BANK0   BANK1   BANK2   BANK3   BANK4   BANK5
      Params:         0       0       0       0       0       0       0
      Locals:         1       0       0       0       0       0       0
      Temps:          0       0       0       0       0       0       0
      Totals:         1       0       0       0       0       0       0
Total ram usage:        1 bytes
 Hardware stack levels used:    1
 Hardware stack levels required when called:    1
 This function calls:
		_DelayFor18TCY
		_DelayPORXLCD
 This function is called by:
		_LCD_inicio
		_OpenXLCD
		_main
 This function uses a non-reentrant model


 *************** function _DelayPORXLCD *****************
 Defined at:
		line 69 in file "Lib_mias_all/microchip_LCD/delay_xlcd.c"
 Parameters:    Size  Location     Type
		None
 Auto vars:     Size  Location     Type
		None
 Return value:  Size  Location     Type
                  1    wreg      void 
 Registers used:
		wreg
 Tracked objects:
		On entry : 
		On exit  : 
		Unchanged: 
 Data sizes:     COMRAM   BANK0   BANK1   BANK2   BANK3   BANK4   BANK5
      Params:         0       0       0       0       0       0       0
      Locals:         0       0       0       0       0       0       0
      Temps:          1       0       0       0       0       0       0
      Totals:         1       0       0       0       0       0       0
Total ram usage:        1 bytes
 Hardware stack levels used:    1
 This function calls:
		Nothing
 This function is called by:
		_WriteCmdXLCD
 This function uses a non-reentrant model


 *************** function _SetDDRamAddr *****************
 Defined at:
		line 13 in file "Lib_mias_all/microchip_LCD/setddram.c"
 Parameters:    Size  Location     Type
  DDaddr          1    wreg     unsigned char 
 Auto vars:     Size  Location     Type
  DDaddr          1    1[COMRAM] unsigned char 
 Return value:  Size  Location     Type
                  1    wreg      void 
 Registers used:
		wreg, status,2, status,0, cstack
 Tracked objects:
		On entry : 
		On exit  : 
		Unchanged: 
 Data sizes:     COMRAM   BANK0   BANK1   BANK2   BANK3   BANK4   BANK5
      Params:         0       0       0       0       0       0       0
      Locals:         1       0       0       0       0       0       0
      Temps:          1       0       0       0       0       0       0
      Totals:         2       0       0       0       0       0       0
Total ram usage:        2 bytes
 Hardware stack levels used:    1
 Hardware stack levels required when called:    1
 This function calls:
		_DelayFor18TCY
 This function is called by:
		_OpenXLCD
		_main
 This function uses a non-reentrant model


 *************** function _BusyXLCD *****************
 Defined at:
		line 11 in file "Lib_mias_all/microchip_LCD/busyxlcd.c"
 Parameters:    Size  Location     Type
		None
 Auto vars:     Size  Location     Type
		None
 Return value:  Size  Location     Type
                  1    wreg      unsigned char 
 Registers used:
		wreg, cstack
 Tracked objects:
		On entry : 
		On exit  : 
		Unchanged: 
 Data sizes:     COMRAM   BANK0   BANK1   BANK2   BANK3   BANK4   BANK5
      Params:         0       0       0       0       0       0       0
      Locals:         0       0       0       0       0       0       0
      Temps:          0       0       0       0       0       0       0
      Totals:         0       0       0       0       0       0       0
Total ram usage:        0 bytes
 Hardware stack levels used:    1
 Hardware stack levels required when called:    1
 This function calls:
		_DelayFor18TCY
 This function is called by:
		_OpenXLCD
		_putrsXLCD
		_main
 This function uses a non-reentrant model


 *************** function _DelayFor18TCY *****************
 Defined at:
		line 62 in file "Lib_mias_all/microchip_LCD/delay_xlcd.c"
 Parameters:    Size  Location     Type
		None
 Auto vars:     Size  Location     Type
		None
 Return value:  Size  Location     Type
                  1    wreg      void 
 Registers used:
		None
 Tracked objects:
		On entry : 
		On exit  : 
		Unchanged: 
 Data sizes:     COMRAM   BANK0   BANK1   BANK2   BANK3   BANK4   BANK5
      Params:         0       0       0       0       0       0       0
      Locals:         0       0       0       0       0       0       0
      Temps:          0       0       0       0       0       0       0
      Totals:         0       0       0       0       0       0       0
Total ram usage:        0 bytes
 Hardware stack levels used:    1
 This function calls:
		Nothing
 This function is called by:
		_BusyXLCD
		_SetDDRamAddr
		_WriteCmdXLCD
		_WriteDataXLCD
 This function uses a non-reentrant model


 *************** function _DelayXLCD *****************
 Defined at:
		line 75 in file "Lib_mias_all/microchip_LCD/delay_xlcd.c"
 Parameters:    Size  Location     Type
		None
 Auto vars:     Size  Location     Type
		None
 Return value:  Size  Location     Type
                  1    wreg      void 
 Registers used:
		wreg
 Tracked objects:
		On entry : 
		On exit  : 
		Unchanged: 
 Data sizes:     COMRAM   BANK0   BANK1   BANK2   BANK3   BANK4   BANK5
      Params:         0       0       0       0       0       0       0
      Locals:         0       0       0       0       0       0       0
      Temps:          1       0       0       0       0       0       0
      Totals:         1       0       0       0       0       0       0
Total ram usage:        1 bytes
 Hardware stack levels used:    1
 This function calls:
		Nothing
 This function is called by:
		_LCD_inicio
 This function uses a non-reentrant model



MODULE INFORMATION

Module		Function		Class		Link	Load	Size
Lib_mias_all/microchip_LCD/openxlcd.c
		_OpenXLCD      		CODE           	0640	0000	214

Lib_mias_all/microchip_LCD/openxlcd.c estimated size: 214

Lib_mias_all/microchip_LCD/busyxlcd.c
		_BusyXLCD      		CODE           	0906	0000	58

Lib_mias_all/microchip_LCD/busyxlcd.c estimated size: 58

Lib_mias_all/microchip_LCD/wcmdxlcd.c
		_WriteCmdXLCD  		CODE           	083A	0000	72

Lib_mias_all/microchip_LCD/wcmdxlcd.c estimated size: 72

mcc_generated_files/pin_manager.c
		_PIN_MANAGER_Initialize		CODE           	0940	0000	36

mcc_generated_files/pin_manager.c estimated size: 36

Lib_mias_all/microchip_LCD/delay_xlcd.c
		_DelayFor18TCY 		CODE           	09B4	0000	12
		_DelayXLCD     		CODE           	0992	0000	18
		_DelayPORXLCD  		CODE           	09A4	0000	16

Lib_mias_all/microchip_LCD/delay_xlcd.c estimated size: 46

shared
		__initialization		CODE           	097C	0000	12

shared estimated size: 12

Lib_mias_all/microchip_LCD/writdata.c
		_WriteDataXLCD 		CODE           	08C8	0000	62

Lib_mias_all/microchip_LCD/writdata.c estimated size: 62

mcc_generated_files/mcc.c
		_OSCILLATOR_Initialize		CODE           	09CA	0000	10
		_SYSTEM_Initialize		CODE           	09C0	0000	10

mcc_generated_files/mcc.c estimated size: 20

Lib_mias_all/microchip_LCD/setddram.c
		_SetDDRamAddr  		CODE           	0882	0000	70

Lib_mias_all/microchip_LCD/setddram.c estimated size: 70

Lib_mias_all/microchip_LCD/LCD_inicio.c
		_LCD_inicio    		CODE           	0964	0000	24

Lib_mias_all/microchip_LCD/LCD_inicio.c estimated size: 24

Lib_mias_all/microchip_LCD/putrxlcd.c
		_putrsXLCD     		CODE           	07DE	0000	92

Lib_mias_all/microchip_LCD/putrxlcd.c estimated size: 92

main.c
		_main          		CODE           	0716	0000	200

main.c estimated size: 200

